// Jest Snapshot v1, https://goo.gl/fbAQLP

exports[`Feedback Component should render the component 1`] = `
<Container
  fluid={false}
>
  <Row
    noGutters={false}
  >
    <Col>
      <FeedbackForm />
    </Col>
    <Col>
      <Connect(FeedbackTrend) />
    </Col>
  </Row>
  <Row
    noGutters={false}
  >
    <Col>
      <Connect(FeedbackComments) />
    </Col>
  </Row>
</Container>
`;
